[Licensing::Module] Trying to connect to existing licensing client channel...
Built from '6000.5/staging' branch; Version is '6000.5.5f1 (d16e074b49fd) revision 13725191'; Using compiler version '194234433'; Build Type 'Release'
OS: 'Windows 11  (10.0.26200) Professional' Language: 'pt' Physical Memory: 32606 MB
BatchMode: 0, IsHumanControllingUs: 1, StartBugReporterOnCrash: 1, Is64bit: 1
System  architecture: x64
Process architecture: x64
Date: 2026-09-01T16:56:11Z
[Licensing::IpcConnector] Successfully connected to: "LicenseClient-20231170150006" at "2026-09-01T16:56:11.0176242Z"

COMMAND LINE ARGUMENTS:
C:\Program Files\Unity\Hub\Editor\6000.5.5f1\Editor\Unity.exe
-projectpath
C:\Users\20231170150006\Documents\GitHub\PongPing
-acceptSoftwareTermsForThisRunOnly
-useHub
-hubIPC
-cloudEnvironment
production
-licensingIpc
LicenseClient-20231170150006
-hubSessionId
5cd5ce78-5246-4502-b9ce-dfc67bb35138
-accessToken
fFw4XTe0MM-DpvSctxoiQc7p3gpDal676vWhrIT0VvU004f
Successfully changed project path to: C:\Users\20231170150006\Documents\GitHub\PongPing
C:/Users/20231170150006/Documents/GitHub/PongPing
[UnityMemory] Configuration Parameters - Can be set up in boot.config
    "memorysetup-temp-allocator-size-gi-baking-worker=262144"
    "memorysetup-temp-allocator-size-gi-baking-worker=262144"
    "memorysetup-temp-allocator-size-gi-baking-worker=262144"
    "memorysetup-temp-allocator-size-gi-baking-worker=262144"
    "memorysetup-temp-allocator-size-gi-baking-worker=262144"
    "memorysetup-temp-allocator-size-nav-mesh-worker=65536"
    "memorysetup-temp-allocator-size-audio-worker=65536"
    "memorysetup-temp-allocator-size-cloud-worker=32768"
    "memorysetup-temp-allocator-size-gfx=262144"
    "memorysetup-temp-allocator-size-preload-manager=33554432"
    "memorysetup-allocator-temp-initial-block-size-main=262144"
    "memorysetup-allocator-temp-initial-block-size-worker=262144"
    "memorysetup-temp-allocator-size-job-worker=262144"
    "memorysetup-temp-allocator-size-background-worker=32768"
    "memorysetup-bucket-allocator-granularity=16"
    "memorysetup-bucket-allocator-bucket-count=8"
    "memorysetup-bucket-allocator-block-size=33554432"
    "memorysetup-bucket-allocator-block-count=8"
    "memorysetup-main-allocator-block-size=16777216"
    "memorysetup-thread-allocator-block-size=16777216"
    "memorysetup-main-allocator-mimalloc-enabled=0"
    "memorysetup-gfx-main-allocator-block-size=16777216"
    "memorysetup-gfx-thread-allocator-block-size=16777216"
    "memorysetup-cache-allocator-block-size=4194304"
    "memorysetup-typetree-allocator-block-size=2097152"
    "memorysetup-profiler-bucket-allocator-granularity=16"
    "memorysetup-profiler-bucket-allocator-bucket-count=8"
    "memorysetup-profiler-bucket-allocator-block-size=33554432"
    "memorysetup-profiler-bucket-allocator-block-count=8"
    "memorysetup-profiler-allocator-block-size=16777216"
    "memorysetup-profiler-editor-allocator-block-size=1048576"
    "memorysetup-temp-allocator-size-main=16777216"
    "memorysetup-job-temp-allocator-block-size=2097152"
    "memorysetup-job-temp-allocator-block-size-background=1048576"
    "memorysetup-job-temp-allocator-reduction-small-platforms=262144"
Player connection [37964]  Target information:

Player connection [37964]  * "[IP] 10.57.1.68 [Port] 55504 [Flags] 2 [Guid] 1600245462 [EditorId] 1600245462 [Version] 1048832 [Id] WindowsEditor(7,CM461973i) [Debug] 1 [PackageName] WindowsEditor [ProjectName] Editor" 

Player connection [37964] Host joined multi-casting on [225.0.0.222:54997]...
Player connection [37964] Host joined alternative multi-casting on [225.0.0.222:34997]...
Input System module state changed to: Initialized.
[Physics::Module] Initialized fallback backend.
[Physics::Module] Id: 0xdecafbad
[Package Manager] Connected to IPC stream "Upm-6096" after 0.2 seconds.
[Licensing::Module] Licensing is not yet initialized.
[Licensing::Client] Error: HandshakeResponse reported an error:
	ResponseCode: 505
	ResponseStatus: Unsupported protocol version '1.18.1'.
[Licensing::Module] Error: Failed to handshake to channel: "LicenseClient-20231170150006"
[Licensing::IpcConnector] LicenseClient-20231170150006 channel disconnected successfully.
[Licensing::IpcConnector] Channel LicenseClient-20231170150006-6000.5.5 doesn't exist
[Licensing::Module] Successfully launched the LicensingClient (PId: 12704)
Starting IPC server.
Waiting for clients to connect on \\.\pipe\Unity-LicenseClient-20231170150006-6000.5.5, press Ctrl-C to exit.
[Licensing::IpcConnector] Successfully connected to: "LicenseClient-20231170150006-6000.5.5" at "2026-09-01T16:56:12.1155358Z"
[Licensing::Client] Code 10 while verifying Licensing Client signature (process Id: 12704, path: "C:/Program Files/Unity/Hub/Editor/6000.5.5f1/Editor/Data/Resources/Licensing/Client/Unity.Licensing.Client.exe")
[Licensing::Module] LicensingClient has failed validation; ignoring
[Licensing::Client] Handshaking with LicensingClient:
  Version:                 1.18.1+9fbee8e
  Session Id:              a07f12bb89b74dc196ce58931152b013
  Correlation Id:          a29b2eb0be87682752db4df0624fde24
  External correlation Id: 7970321576479975426
  Machine Id:              vOWP2ufJB9i9UZrDKdcTf20/Oqo=
[Licensing::Module] Successfully connected to LicensingClient on channel: "LicenseClient-20231170150006-6000.5.5" (connect: 0.25s, validation: 0.05s, handshake: 0.01s)
[Licensing::IpcConnector] Successfully connected to: "LicenseClient-20231170150006-6000.5.5-notifications" at "2026-09-01T16:56:12.176122Z"
[Licensing::Module] Connected to LicensingClient (PId: 12704, launch time: 0.02, total connection time: 0.31s)
[Licensing::Client] Successfully updated the access token
[Licensing::Module] Successfully updated the access token fFw4XTe0MM...
[Licensing::Client] Successfully resolved entitlement details
[Licensing::Module] License group:
  Id: 4674033560571-UnityPersXXXX
  Product: Unity Personal
  Type: Assigned
  Expiration: Unlimited
[Licensing::Client] Successfully updated license, isAsync: True, time: 0.00
[Licensing::Client] Successfully resolved entitlement details
[Licensing::Module] Licensing Background thread has ended after 1.17s
[Licensing::Module] Licensing is initialized (took 0.79s).
[Licensing::Client] Successfully resolved entitlement details
Library Redirect Path: Library/
Exiting without the bug reporter. Application will terminate with return code 0Shut down.
